PLUMED: PLUMED is starting
PLUMED: Version: 2.9.2 (git: Unknown) compiled on May 17 2026 at 07:51:56
PLUMED: Please cite these papers when using PLUMED [1][2]
PLUMED: For further information see the PLUMED web page at http://www.plumed.org
PLUMED: Root: /home/rfa/.local/miniconda3//envs/rki/lib/plumed
PLUMED: For installed feature, see /home/rfa/.local/miniconda3//envs/rki/lib/plumed/src/config/config.txt
PLUMED: Molecular dynamics engine: LAMMPS
PLUMED: Precision of reals: 8
PLUMED: Running over 8 nodes
PLUMED: Number of threads: 1
PLUMED: Cache line size: 512
PLUMED: Number of atoms: 192
PLUMED: File suffix: 
PLUMED: FILE: plumed/plumed_saxs_metad_approx.dat
PLUMED: Action UNITS
PLUMED:   with label @0
PLUMED:   length: A = 0.1 nm
PLUMED:   energy: kcal/mol = 4.184 kj/mol
PLUMED:   time: fs = 0.001 ps
PLUMED:   charge: e
PLUMED:   mass: amu
PLUMED:   using physical units
PLUMED:   inside PLUMED, Boltzmann constant is 0.0019872
PLUMED: Action MOLINFO
PLUMED:   with label @1
PLUMED:   pdb file named structures/beta_cristobalite_192.pdb contains 1 chains 
PLUMED:   chain named A contains residues 1 to 1 and atoms 1 to 192 
PLUMED: Action SAXS
PLUMED:   with label xrd
PLUMED:   using periodic boundary conditions
PLUMED:   using ATOMISTIC form factors
PLUMED:   my q: 1.522070 
PLUMED:   Solvent density: 0.334000
PLUMED:   added component to this action:  xrd.q-0 
PLUMED:   added component to this action:  xrd.exp-0 
PLUMED:   Bibliography [3][4][5]
PLUMED: Action METAD
PLUMED:   with label metad
PLUMED:   with arguments xrd.q-0
PLUMED:   added component to this action:  metad.bias 
PLUMED:   Gaussian width  5.000000  Gaussian height 9.560000
PLUMED:   Gaussian deposition pace 4000
PLUMED:   Gaussian file outputs/HILLS_saxs_approx
PLUMED:   Well-Tempered Bias Factor 100.000000
PLUMED:   Hills relaxation time (tau) 49389.090212
PLUMED:   KbT 4.769290
PLUMED:   Bibliography [6][7]
PLUMED: Action PRINT
PLUMED:   with label @4
PLUMED:   with stride 100
PLUMED:   with arguments xrd.q-0 metad.bias
PLUMED:   on file outputs/COLVAR_saxs_metad_approx.dat
PLUMED:   with format  %f
PLUMED: END FILE: plumed/plumed_saxs_metad_approx.dat
PLUMED: Timestep: 0.250000
PLUMED: KbT has not been set by the MD engine
PLUMED: It should be set by hand where needed
PLUMED: Relevant bibliography:
PLUMED:   [1] The PLUMED consortium, Nat. Methods 16, 670 (2019)
PLUMED:   [2] Tribello, Bonomi, Branduardi, Camilloni, and Bussi, Comput. Phys. Commun. 185, 604 (2014)
PLUMED:   [3] Fraser, MacRae, Suzuki, J. Appl. Crystallogr., 11, 693–694 (1978).
PLUMED:   [4] Brown, Fox, Maslen, O'Keefe, Willis, International Tables for Crystallography C, 554–595 (International Union of Crystallography, 2006).
PLUMED:   [5] Bonomi, Camilloni, Bioinformatics, 33, 3999 (2017)
PLUMED:   [6] Laio and Parrinello, PNAS 99, 12562 (2002)
PLUMED:   [7] Barducci, Bussi, and Parrinello, Phys. Rev. Lett. 100, 020603 (2008)
PLUMED: Please read and cite where appropriate!
PLUMED: Finished setup
